// Jest Snapshot v1, https://goo.gl/fbAQLP

exports[`should render ExpenseListItem correctly 1`] = `
<div>
  <Link
    replace={false}
    to="/edit/1"
  >
     
    <h3>
      Description: 
      Gum
    </h3>
  </Link>
  <h3>
    Amount: 
    195
  </h3>
  <h3>
    Created at: 
    0
  </h3>
</div>
`;
