// Jest Snapshot v1, https://goo.gl/fbAQLP

exports[`should render header correctly 1`] = `
<header>
  <h1>
    Expensify
  </h1>
  <NavLink
    activeClassName="is-active"
    ariaCurrent="true"
    className="navLink"
    exact={true}
    to="/"
  >
    Go Home
  </NavLink>
  <NavLink
    activeClassName="is-active"
    ariaCurrent="true"
    className="navLink"
    to="/create"
  >
    Create Expense
  </NavLink>
  <NavLink
    activeClassName="is-active"
    ariaCurrent="true"
    className="navLink"
    to="/help"
  >
    Help
  </NavLink>
</header>
`;
